// Jest Snapshot v1, https://goo.gl/fbAQLP

exports[`Tabs Component renders empty given no tabs 1`] = `
<div>
  <div>
    0
  </div>
  )}
</div>
`;

exports[`Tabs Component renders the first tab by default 1`] = `
<div>
  <button>
    First tab
  </button>
  <button>
    Second tab
  </button>
  <button>
    Third tab
  </button>
  <div
    className="content"
  >
    Lorem ipsum dolor sit amet consectetur adipisicing elit. Laboriosam exercitationem quos consectetur expedita consequatur. Fugit, sapiente aspernatur corporis velit, dolor eum reprehenderit provident ipsam, maiores incidunt repellat! Facilis, neque doloremque.
  </div>
</div>
`;
